// Vitest Snapshot v1, https://vitest.dev/guide/snapshot.html

exports[`NotesPreview Component > renders empty notes preview snapshot 1`] = `
"<div data-v-85ae9d83="" class="notes-preview">
  <h2 data-v-85ae9d83="">Preview</h2>
  <div data-v-85ae9d83="" class="notes-grid"></div>
</div>"
`;

exports[`NotesPreview Component > renders notes preview snapshot 1`] = `
"<div data-v-85ae9d83="" class="notes-preview">
  <h2 data-v-85ae9d83="">Preview</h2>
  <div data-v-85ae9d83="" class="notes-grid">
    <div data-v-85ae9d83="" class="note-item">
      <div data-v-85ae9d83="" class="note-pitch">C4</div>
      <div data-v-85ae9d83="" class="note-duration">Duration: {
        "divisions": 4,
        "type": "quarter",
        "relativeLength": 1
        }</div>
    </div>
    <div data-v-85ae9d83="" class="note-item">
      <div data-v-85ae9d83="" class="note-pitch">D4</div>
      <div data-v-85ae9d83="" class="note-duration">Duration: {
        "divisions": 4,
        "type": "quarter",
        "relativeLength": 1
        }</div>
    </div>
  </div>
</div>"
`;
