// Vitest Snapshot v1, https://vitest.dev/guide/snapshot.html

exports[`MusicNote Component > renders music note snapshot 1`] = `
"<div data-v-74367537="" class="music-note" style="bottom: 0px; left: 0px;">
  <div data-v-74367537="" class="note-circle" style="background-color: rgb(255, 0, 0);"><span data-v-74367537="" class="note-label">C</span></div>
</div>"
`;

exports[`MusicNote Component > renders music note with different pitch snapshot 1`] = `
"<div data-v-74367537="" class="music-note" style="bottom: 44px; left: 40px;">
  <div data-v-74367537="" class="note-circle" style="background-color: rgb(0, 0, 255);"><span data-v-74367537="" class="note-label">G</span></div>
</div>"
`;
